--- HomeRobot (Zephyr + Rust) Nix Environment ---
  [✓] Environment ready. 'west' and Gazebo Jetty are available.
  [TIP] Run simulation with: ./tools/sim_world.sh
(2026-05-22 01:06:38.535) [info] [Gui.cc:339] Gazebo Sim GUI    v10.3.0
(2026-05-22 01:06:38.535) [debug] [Gui.cc:342] Qt Prefix:/nix/store/244my2zgxwabmj007911x6rj6g4095c5-qtbase-6.10.2
(2026-05-22 01:06:38.535) [debug] [Gui.cc:344] Qt libs:/nix/store/244my2zgxwabmj007911x6rj6g4095c5-qtbase-6.10.2/lib
(2026-05-22 01:06:38.535) [debug] [Gui.cc:347] Qt data:/nix/store/244my2zgxwabmj007911x6rj6g4095c5-qtbase-6.10.2 arch:/nix/store/244my2zgxwabmj007911x6rj6g4095c5-qtbase-6.10.2
(2026-05-22 01:06:38.536) [debug] [Gui.cc:350] Qt plugins:/nix/store/244my2zgxwabmj007911x6rj6g4095c5-qtbase-6.10.2/lib/qt-6/plugins
(2026-05-22 01:06:38.536) [debug] [Gui.cc:352] Qt imports:/nix/store/244my2zgxwabmj007911x6rj6g4095c5-qtbase-6.10.2/lib/qt-6/qml
QApplication: invalid style override 'adwaita-dark' passed, ignoring it.
	Available styles: qt5gtk2, qt6gtk2, gtk2, Windows, Fusion
(2026-05-22 01:06:38.579) [debug] [Application.cc:97] Initializing application.
(2026-05-22 01:06:38.579) [debug] [Application.cc:172] Qt using OpenGL graphics interface
(2026-05-22 01:06:38.584) [debug] [Application.cc:686] [GUI] Create main window
(2026-05-22 01:06:38.584) [warning] [Application.cc:923] [GUI] [QT] QQmlComponent: attempted to load via a relative URL 'qrc:qml/Main.qml' in resource file system. This is not fully supported and may not work
(2026-05-22 01:06:38.936) [warning] [Application.cc:923] [GUI] [QT] qrc:qml/Main.qml:163:11: QML ToolBar (parent or ancestor of Material): Binding loop detected for property "foreground":
qrc:qml/Main.qml:165:5
(2026-05-22 01:06:39.001) [debug] [PathManager.cc:70] [GUI] Requesting resource paths through [/gazebo/resource_paths/get]
(2026-05-22 01:06:39.035) [debug] [Gui.cc:497] [GUI] GUI requesting list of world names. The server may be busy downloading resources. Please be patient.
(2026-05-22 01:06:44.035) [debug] [Gui.cc:497] [GUI] GUI requesting list of world names. The server may be busy downloading resources. Please be patient.
(2026-05-22 01:06:49.036) [debug] [Gui.cc:497] [GUI] GUI requesting list of world names. The server may be busy downloading resources. Please be patient.
(2026-05-22 01:06:54.036) [debug] [Gui.cc:497] [GUI] GUI requesting list of world names. The server may be busy downloading resources. Please be patient.
(2026-05-22 01:06:59.036) [debug] [Gui.cc:497] [GUI] GUI requesting list of world names. The server may be busy downloading resources. Please be patient.
(2026-05-22 01:07:04.039) [debug] [Gui.cc:497] [GUI] GUI requesting list of world names. The server may be busy downloading resources. Please be patient.
(2026-05-22 01:07:09.042) [debug] [Gui.cc:497] [GUI] GUI requesting list of world names. The server may be busy downloading resources. Please be patient.
(2026-05-22 01:07:14.043) [debug] [Gui.cc:497] [GUI] GUI requesting list of world names. The server may be busy downloading resources. Please be patient.
(2026-05-22 01:07:14.937) [debug] [Gui.cc:555] [GUI] Requesting GUI from [/world/homerobot_world/gui/info]...
(2026-05-22 01:07:14.937) [debug] [PathManager.cc:59] [GUI] Received resource paths.
(2026-05-22 01:07:14.939) [debug] [GuiRunner.cc:149] [GUI] Requesting initial state from [/world/homerobot_world/state]...
(2026-05-22 01:07:15.043) [debug] [Gui.cc:636] [GUI] Loading plugins:
(2026-05-22 01:07:15.043) [debug] [Application.cc:557] [GUI] Loading plugin [MinimalScene]
(2026-05-22 01:07:15.108) [debug] [MinimalScene.cc:818] [GUI] Creating gz-rendering interface for OpenGL
(2026-05-22 01:07:15.108) [debug] [MinimalScene.cc:818] [GUI] Creating gz-rendering interface for OpenGL
(2026-05-22 01:07:15.108) [debug] [MinimalScene.cc:998] [GUI] Creating render thread interface for OpenGL
(2026-05-22 01:07:15.109) [debug] [MinimalScene.cc:818] [GUI] Creating gz-rendering interface for OpenGL
(2026-05-22 01:07:15.109) [debug] [MinimalScene.cc:998] [GUI] Creating render thread interface for OpenGL
(2026-05-22 01:07:15.109) [warning] [Application.cc:923] [GUI] [QT] QQmlComponent: attempted to load via a relative URL 'qrc:qml/GzCard.qml' in resource file system. This is not fully supported and may not work
(2026-05-22 01:07:16.563) [info] [Application.cc:756] [GUI] Added plugin [3D View] to main window
(2026-05-22 01:07:16.564) [info] [Application.cc:653] [GUI] Loaded plugin [MinimalScene] from path [/nix/store/937mhjxd2i18jy2jb1zh6xcpjnbhvyy7-gz-gui10-10.0.0/lib/gz-gui-10/plugins/libMinimalScene.so]
(2026-05-22 01:07:16.564) [debug] [Gui.cc:642] [GUI] MinimalScene
(2026-05-22 01:07:16.564) [debug] [Application.cc:557] [GUI] Loading plugin [EntityContextMenuPlugin]
(2026-05-22 01:07:16.738) [info] [EntityContextMenu.cc:134] [GUI] Currently tracking topic on [/gui/currently_tracked]
(2026-05-22 01:07:16.805) [warning] [Application.cc:923] [GUI] [QT] QQmlComponent: attempted to load via a relative URL 'qrc:qml/GzCard.qml' in resource file system. This is not fully supported and may not work
(2026-05-22 01:07:19.305) [info] [Application.cc:756] [GUI] Added plugin [Entity Context Menu] to main window
(2026-05-22 01:07:19.305) [info] [Application.cc:653] [GUI] Loaded plugin [EntityContextMenuPlugin] from path [/nix/store/vv8yshji6ha6vrd6nfsl2c6wd9xb4x29-gz-sim10-10.3.0/lib/gz-sim-10/plugins/gui/libEntityContextMenuPlugin.so]
(2026-05-22 01:07:19.305) [debug] [Gui.cc:642] [GUI] EntityContextMenuPlugin
(2026-05-22 01:07:19.305) [debug] [Application.cc:557] [GUI] Loading plugin [GzSceneManager]
(2026-05-22 01:07:19.438) [warning] [Application.cc:923] [GUI] [QT] QQmlComponent: attempted to load via a r(2026-05-22 01:07:19.474) [info] [Application.cc:756] [GUI] Added plugin [Entity Context Menu] to main (2026-05-22 01:07:20.795) [info] [Application.cc:756] [GUI] Added plugin [Scene Manager] to main window
(2026-05-22 01:07:20.795) [info] [Application.cc:653] [GUI] Loaded plugin [GzSceneManager] from path [/nix/store/vv8yshji6ha6vrd6nfsl2c6wd9xb4x29-gz-sim10-10.3.0/lib/gz-sim-10/plugins/gui/libGzSceneManager.so]
(2026-05-22 01:07:20.795) [debug] [Gui.cc:642] [GUI] GzSceneManager
(2026-05-22 01:07:20.795) [debug] [Application.cc:557] [GUI] Loading plugin [InteractiveViewControl]
(2026-05-22 01:07:20.822) [info] [InteractiveViewControl.cc:409] [GUI] Camera view controller topic advertised on [/gui/camera/view_c(2026-05-22 01:07:20.941) [info] [Application.cc:756] [GUI] Added plugin [Scene Manager] to main window
(2026-05-22 01:07:20.941) [info] [Application.cc:653] [GUI] Loaded plugin [GzSceneManager] from path [/nix/store/vv8yshji6ha6vrd6nfsl2c6wd9xb4x29-gz-sim10-10.3.0/lib/gz-sim-10/plugins/gui/libGzSceneManager.so]
(2026-05-22 01:07:20.941) [debug] [Gui.cc:642] [GUI] GzSceneManager
(2026-05-22 01:07:20.941) [debug] [Application.cc:557] [GUI] Loading plugin [InteractiveViewControl]
(2026-05-22 01:07:21.012) [info] [InteractiveViewCo(2026-05-22 01:07:21.988) [info] [Application.cc:756] [GUI] Added plugin [Interactive view control] to main window
(2026-05-22 01:07:21.988) [info] [Application.cc:653] [GUI] Loaded plugin [InteractiveViewControl] from path [/nix/store/937mhjxd2i18jy2jb1zh6xcpjnbhvyy7-gz-gui10-10.0.0/lib/gz-gui-10/plugins/libInteractiveViewControl.so]
(2026-05-22 01:07:21.988) [debug] [Gui.cc:642] [GUI] InteractiveViewControl
(2026-05-22 01:07:21.988) [debug] [Application.cc:557] [GUI] Loading plugin [CameraTracking]
(2026-05-22 01:07:22.054) [warning] [Application.cc:923] [GUI] [QT] QQmlComponent: attempted to load via a rel(2026-05-22 01:07:22.268) [info] [Application.cc:756] [GUI] Added plugin [Interactive view control] t(2026-05-22 01:07:23.205) [info] [Application.cc:756] [GUI] Added plugin [Camera tracking] to main window
(2026-05-22 01:07:23.205) [info] [Application.cc:653] [GUI] Loaded plugin [CameraTracking] from path [/nix/store/937mhjxd2i18jy2jb1zh6xcpjnbhvyy7-gz-gui10-10.0.0/lib/gz-gui-10/plugins/libCameraTracking.so]
(2026-05-22 01:07:23.205) [debug] [Gui.cc:642] [GUI] CameraTracking
(2026-05-22 01:07:23.205) [debug] [Application.cc:557] [GUI] Loading plugin [MarkerManager]
(2026-05-22 01:07:23.239) [info] [MarkerManager.cc:752] [GUI] Listening to stats on [/world/homerobot_world/stats]
(2026-05-22 01:07:23.239) [wa(2026-05-22 01:07:23.466) [info] [Application.cc:756] [GUI] Added plugin [Camera tracking] to main window
(2026-05-22 01:07:23.466) [info] [Application.cc:653] [GUI] Loaded plugin [C(2026-05-22 01:07:24.350) [info] [Application.cc:756] [GUI] Added plugin [Marker Manager] to main window
(2026-05-22 01:07:24.350) [info] [Application.cc:653] [GUI] Loaded plugin [MarkerManager] from path [/nix/store/937mhjxd2i18jy2jb1zh6xcpjnbhvyy7-gz-gui10-10.0.0/lib/gz-gui-10/plugins/libMarkerManager.so]
(2026-05-22 01:07:24.350) [debug] [Gui.cc:642] [GUI] MarkerManager
(2026-05-22 01:07:24.350) [debug] [Application.cc:557] [GUI] Loading plugin [SelectEntities]
(2026-05-22 01:07:24.385) [warning] [Application.cc:923] [GUI] [QT] QQmlComponent: attempted to load via a relative URL 'qrc:qml/GzCard.qml' in res(2026-05-22 01:07:24.667) [info] [Application.cc:756] [GUI] Adde(2026-05-22 01:07:25.505) [info] [Application.cc:756] [GUI] Added plugin [Select entities] to main window
(2026-05-22 01:07:25.505) [info] [Application.cc:653] [GUI] Loaded plugin [SelectEntities] from path [/nix/store/vv8yshji6ha6vrd6nfsl2c6wd9xb4x29-gz-sim10-10.3.0/lib/gz-sim-10/plugins/gui/libSelectEntities.so]
(2026-05-22 01:07:25.505) [debug] [Gui.cc:642] [GUI] SelectEntities
(2026-05-22 01:07:25.505) [debug] [Application.cc:557] [GUI] Loading plugin [Spawn]
(2026-05-22 01:07:25.553) [warning] [Application.cc:923] [GUI] [QT] QQmlComponent: attempted to load via a relative URL 'qrc:qml/GzCard.qml' in reso(2026-05-22 01:07:25.924) [info] [Application.cc:756] [GUI] Add(2026-05-22 01:07:27.115) [info] [Application.cc:756] [GUI] Added plugin [Spawn] to main window
(2026-05-22 01:07:27.115) [info] [Application.cc:653] [GUI] Loaded plugin [Spawn] from path [/nix/store/vv8yshji6ha6vrd6nfsl2c6wd9xb4x29-gz-sim10-10.3.0/lib/gz-sim-10/plugins/gui/libSpawn.so]
(2026-05-22 01:07:27.115) [debug] [Gui.cc:642] [GUI] Spawn
(2026-05-22 01:07:27.115) [debug] [Application.cc:557] [GUI] Loading plugin [VisualizationCapabilities]
(2026-05-22 01:07:27.163) [info] [VisualizationCapabilities.cc:2850] [GUI] View as transparent service on [/gui/view/transparent]
(2026-05-22 01:07:27.163) [info] [V(2026-05-22 01:07:27.574) [info] [Application.cc:756] [GUI] Added plugin [Spawn] to main window
(2026-05-22 01:07:27.574) [info] [Application.cc:653] [GUI] Loaded plugin [Spawn] from path [/nix/store/vv8yshji6ha6vrd6nfsl2c6wd9xb4x29-gz-sim10-10.3.0/lib/gz-sim-10/plugins/gui/libSpawn.so]
(2026-05-22 01:07:27.574) [debug] [Gui.cc:642] [GUI] Spawn
(2026-05-22 01:07:27.574) [debug] [Application.cc:557] [GUI] Loading plugin [VisualizationCapabilities]
(2026-05-22 01:07:27.606) [info] [VisualizationCapabilities.cc:2850] [GUI] View as transparent service on [/gui/view/transparent]
(2026-05-22 01:07:27.606) [info] [VisualizationCapabilities.cc:2857] [GUI] View as wireframes service on [/gui/view/wireframes]
(2026-05-22 01:07:27.606) [info] [VisualizationCapabilities.cc:2864] [GUI] View center of mass service on [/gui/view/com]
(2026-05-22 01:07:27.606) [info] [VisualizationCapabilities.cc:2871] [GUI(2026-05-22 01:07:28.272) [info] [Application.cc:756] [GUI] Added plugin [Visualization capabilities] to main window
(2026-05-22 01:07:28.272) [info] [Application.cc:653] [GUI] Loaded plugin [VisualizationCapabilities] from path [/nix/store/vv8yshji6ha6vrd6nfsl2c6wd9xb4x29-gz-sim10-10.3.0/lib/gz-sim-10/plugins/gui/libVisualizationCapabilities.so]
(2026-05-22 01:07:28.272) [debug] [Gui.cc:642] [GUI] VisualizationCapabilities
(2026-05-22 01:07:28.272) [debug] [Application.cc:557] [GUI] Loading plugin [WorldControl]
(2026-05-22 01:07:28.308) [info] [WorldControl.cc:152] [GUI] Using world control service [/world/(2026-05-22 01:07:28.750) [info] [Application.cc:756] [GUI] Added plugin [Visualization capabilities] to main window
(2026-05-22 01:07:28.750) [info] [Application.cc:653] [GUI] Loaded plugin [VisualizationCapabilities] from path [/nix/store/vv8yshji6ha6vrd6nfsl2c6wd9xb4x29-gz-sim10-10.3.0/lib/gz-sim-10/plugins/gui/libVisualizationCapabilities.so]
(2026-05-22 01:07:28.750) [debug] [Gui.cc:642] [GUI] VisualizationCapabilities
(2026-05-22 01:07:28.750) [debug] [Applica(2026-05-22 01:07:29.415) [info] [Application.cc:756] [GUI] Added plugin [World control] to main window
(2026-05-22 01:07:29.415) [info] [Application.cc:653] [GUI] Loaded plugin [WorldControl] from path [/nix/store/937mhjxd2i18jy2jb1zh6xcpjnbhvyy7-gz-gui10-10.0.0/lib/gz-gui-10/plugins/libWorldControl.so]
(2026-05-22 01:07:29.415) [debug] [Gui.cc:642] [GUI] WorldControl
(2026-05-22 01:07:29.415) [debug] [Application.cc:557] [GUI] Loading plugin [WorldStats]
(2026-05-22 01:07:29.436) [info] [WorldStats.cc:156] [GUI] Listening to stats on [/world/homerobot_world/stats]
(2026-05-22 01:07:29.436) [warning] [Applic(2026-05-22 01:07:29.974) [info] [Application.cc:756] [GUI] Added plugin [World control] to main window
(2026-05-22 01:07:29.974) [info] [Application.cc:653] [GUI] Load(2026-05-22 01:07:30.664) [info] [Application.cc:756] [GUI] Added plugin [World stats] to main window
(2026-05-22 01:07:30.665) [info] [Application.cc:653] [GUI] Loaded plugin [WorldStats] from path [/nix/store/937mhjxd2i18jy2jb1zh6xcpjnbhvyy7-gz-gui10-10.0.0/lib/gz-gui-10/plugins/libWorldStats.so]
(2026-05-22 01:07:30.665) [debug] [Gui.cc:642] [GUI] WorldStats
(2026-05-22 01:07:30.665) [debug] [Application.cc:557] [GUI] Loading plugin [Shapes]
(2026-05-22 01:07:30.709) [warning] [Application.cc:923] [GUI] [QT] QQmlComponent: attempted to load via a relative URL 'qrc:qml/GzCard.qml' in resource file system. T(2026-05-22 01:07:31.233) [info] [Applicatio(2026-05-22 01:07:31.883) [info] [Application.cc:756] [GUI] Added plugin [Shapes] to main window
(2026-05-22 01:07:31.883) [info] [Application.cc:653] [GUI] Loaded plugin [Shapes] from path [/nix/store/vv8yshji6ha6vrd6nfsl2c6wd9xb4x29-gz-sim10-10.3.0/lib/gz-sim-10/plugins/gui/libShapes.so]
(2026-05-22 01:07:31.883) [debug] [Gui.cc:642] [GUI] Shapes
(2026-05-22 01:07:31.883) [debug] [Application.cc:557] [GUI] Loading plugin [Lights]
(2026-05-22 01:07:31.919) [warning] [Application.cc:923] [GUI] [QT] QQmlComponent: attempted to load via a relative URL 'qrc:qml/GzCard.qml' in resource file system. This is not fu(2026-05-22 01:07:32.402) [info(2026-05-22 01:07:32.983) [info] [Application.cc:756] [GUI] Added plugin [Lights] to main window
(2026-05-22 01:07:32.983) [info] [Application.cc:653] [GUI] Loaded plugin [Lights] from path [/nix/store/vv8yshji6ha6vrd6nfsl2c6wd9xb4x29-gz-sim10-10.3.0/lib/gz-sim-10/plugins/gui/libLights.so]
(2026-05-22 01:07:32.983) [debug] [Gui.cc:642] [GUI] Lights
(2026-05-22 01:07:32.983) [debug] [Application.cc:557] [GUI] Loading plugin [TransformControl]
(2026-05-22 01:07:33.076) [warning] [Application.cc:923] [GUI] [QT] QQmlComponent: attempted to load via a relative URL 'qrc:qml/GzCard.qml' in resource file system. This(2026-05-22 01:07:33.535) [info] [Applica(2026-05-22 01:07:34.161) [info] [Application.cc:756] [GUI] Added plugin [Transform control] to main window
(2026-05-22 01:07:34.161) [info] [Application.cc:653] [GUI] Loaded plugin [TransformControl] from path [/nix/store/vv8yshji6ha6vrd6nfsl2c6wd9xb4x29-gz-sim10-10.3.0/lib/gz-sim-10/plugins/gui/libTransformControl.so]
(2026-05-22 01:07:34.161) [debug] [Gui.cc:642] [GUI] TransformControl
(2026-05-22 01:07:34.161) [debug] [Application.cc:557] [GUI] Loading plugin [Screenshot]
(2026-05-22 01:07:34.199) [info] [Screenshot.cc:97] [GUI] Screenshot service on [/gui/screenshot]
(2026-05-22 01:07:34.199) [warning] [(2026-05-22 01:07:34.727) [info] [Application.cc:756] [GUI] Added plugin [Transform control] to main window
(2026-05-22 01:07:34.727) [info] [Application.cc:653] [GUI] Loaded(2026-05-22 01:07:35.271) [info] [Application.cc:756] [GUI] Added plugin [Screenshot] to main window
(2026-05-22 01:07:35.271) [info] [Application.cc:653] [GUI] Loaded plugin [Screenshot] from path [/nix/store/937mhjxd2i18jy2jb1zh6xcpjnbhvyy7-gz-gui10-10.0.0/lib/gz-gui-10/plugins/libScreenshot.so]
(2026-05-22 01:07:35.271) [debug] [Gui.cc:642] [GUI] Screenshot
(2026-05-22 01:07:35.271) [debug] [Application.cc:557] [GUI] Loading plugin [CopyPaste]
(2026-05-22 01:07:35.306) [warning] [Application.cc:923] [GUI] [QT] QQmlComponent: attempted to load via a relative URL 'qrc:qml/GzCard.qml' in resource file system.(2026-05-22 01:07:35.873) [info] [Application.(2026-05-22 01:07:36.356) [info] [Application.cc:756] [GUI] Added plugin [Copy/Paste] to main window
(2026-05-22 01:07:36.356) [info] [Application.cc:653] [GUI] Loaded plugin [CopyPaste] from path [/nix/store/vv8yshji6ha6vrd6nfsl2c6wd9xb4x29-gz-sim10-10.3.0/lib/gz-sim-10/plugins/gui/libCopyPaste.so]
(2026-05-22 01:07:36.356) [debug] [Gui.cc:642] [GUI] CopyPaste
(2026-05-22 01:07:36.356) [debug] [Application.cc:557] [GUI] Loading plugin [ComponentInspector]
(2026-05-22 01:07:36.463) [warning] [Application.cc:923] [GUI] [QT] QQmlComponent: attempted to load via a relative URL 'qrc:qml/GzCard.qml' in resource fi(2026-05-22 01:07:36.967) [info] [Application.cc:756] [G(2026-05-22 01:07:37.462) [info] [Application.cc:756] [GUI] Added plugin [Component inspector] to main window
(2026-05-22 01:07:37.462) [info] [Application.cc:653] [GUI] Loaded plugin [ComponentInspector] from path [/nix/store/vv8yshji6ha6vrd6nfsl2c6wd9xb4x29-gz-sim10-10.3.0/lib/gz-sim-10/plugins/gui/libComponentInspector.so]
(2026-05-22 01:07:37.462) [debug] [Gui.cc:642] [GUI] ComponentInspector
(2026-05-22 01:07:37.462) [debug] [Application.cc:557] [GUI] Loading plugin [EntityTree]
(2026-05-22 01:07:37.500) [info] [EntityContextMenu.cc:134] [GUI] Currently tracking topic on [/gui/currently_tracked]
(2026-05(2026-05-22 01:07:38.061) [info] [Application.cc:756] [GUI] Added plugin [Component inspector] to main window
(2026-05-22 01:07:38.061) [info] [Application.cc:653] [GUI] Loaded plugin [ComponentInspector(2026-05-22 01:07:38.095) [info] [Application.cc:756] [GUI] Added plugin [Entity tree] to main window
(2026-05-22 01:07:38.095) [info] [Application.cc:653] [GUI] Loaded plugin [EntityTree] from path [/nix/store/vv8yshji6ha6vrd6nfsl2c6wd9xb4x29-gz-sim10-10.3.0/lib/gz-sim-10/plugins/gui/(2026-05-22 01:07:38.105) [info] [EntityContextMenu.cc:134] [GUI] Currently tracki(2026-05-22 01:07:38.236) [warning] [Component.hh:189] [GUI] Trying to deserialize component with data type [St6vectorIdSaIdEE], which doesn't have `operator>>`. Component will not be deserialized.
(2026-05-22 01:07:38.368) [debug] [MinimalScene.cc(2026-05-22 01:07:38.858) [info] [Application.cc:756] [GUI] Added plugin [Entity tree] to main window
(2026-05-22 01:07:38.858) [info] [Application.cc:653] [GUI] Loaded plugin [EntityTree] from path [/nix/store/vv8yshji6ha6vrd6nfsl2c6wd9xb4x29-gz-sim10-10.3.0/lib/g(2026-05-22 01:07:38.875) [error] [Ogre2RenderEngine.cc:759] [GUI] Unable to load Ogre Plugin[/nix/stor(2026-05-22 01:07:38.879) [warning] [Component.hh:189] [GUI] Trying to deserialize component with data type [St6vectorIdSaIdEE], which doesn't have `operator>>`. C(2026-05-22 01:07:38.887) [error] [(2026-05-22 01:07:39.183) [debug] [MinimalScene.cc:818] [GUI] Creating gz-rendering interface for OpenGL
(2026-05-22 01:07:39.184) [debug] [MinimalScene.cc:998] [GUI] Creating render thread interface for OpenGL
(2026-05-22 01:07:39.286) [info] [RenderEngineManager.cc:514] [GUI] Loading plugin [gz-rendering-ogre2]
(2026-05-22 01:07:39.651) [error] [Ogre2RenderEngine.cc:759] [GUI] Unable to load Ogre Plugin[/nix/store/3vj70bgqs7xyshkbx116d9vim860mwsn-ogre-next-2.3.3/lib/OGRE-Next/RenderSystem_GL3Plus]. Rendering will not be possible.Make sure you have installed OGRE properly.
(2026-05-22 01:07:39.662) [error] [Ogre2RenderEngine.cc:791] [GUI] unable to find OpenGL 3+ Rendering Subsystem. OGRE is probably installed incorrectly. Double check the OGRE cmake output, and make sure OpenGL is enabled.
Stack trace (most recent call last):
#29   Object "[0xffffffffffffffff]", at 0xffffffffffffffff, in 
#28   Object "/nix/store/vv8yshji6ha6vrd6nfsl2c6wd9xb4x29-gz-sim10-10.3.0/libexec/gz/sim10/gz-sim-gui-client", at 0x593f86434964, in 
#27   Object "/nix/store/7nbi22pcc92y2fqbkyp7h3srvvklmckb-glibc-2.40-224/lib/libc.so.6", at 0x7be62c22a59a, in __libc_start_main
#26   Object "/nix/store/7nbi22pcc92y2fqbkyp7h3srvvklmckb-glibc-2.40-224/lib/libc.so.6", at 0x7be62c22a4d7, in 
#25   Object "/nix/store/vv8yshji6ha6vrd6nfsl2c6wd9xb4x29-gz-sim10-10.3.0/libexec/gz/sim10/gz-sim-gui-client", at 0x593f86434299, in 
#24   Object "/nix/store/vv8yshji6ha6vrd6nfsl2c6wd9xb4x29-gz-sim10-10.3.0/libexec/gz/sim10/gz-sim-gui-client", at 0x593f86472c0b, in 
#23   Object "/nix/store/vv8yshji6ha6vrd6nfsl2c6wd9xb4x29-gz-sim10-10.3.0/libexec/gz/sim10/gz-sim-gui-client", at 0x593f864357c0, in 
#22   Object "/nix/store/vv8yshji6ha6vrd6nfsl2c6wd9xb4x29-gz-sim10-10.3.0/libexec/gz/sim10/gz-sim-gui-client", at 0x593f86480f9c, in 
#21   Object "/nix/store/5b264n480jh0svfjw5jilva2nch1lvy1-gz-sim_10/lib/libgz-sim-gui.so.10", at 0x7be63403cb1c, in gz::sim::v10::gui::runGui(int&, char**, char const*, char const*, int, char const*, char const*)
#20   Object "/nix/store/244my2zgxwabmj007911x6rj6g4095c5-qtbase-6.10.2/lib/libQt6Core.so.6", at 0x7be62cbc7420, in QCoreApplication::exec()
#19   Object "/nix/store/244my2zgxwabmj007911x6rj6g4095c5-qtbase-6.10.2/lib/libQt6Core.so.6", at 0x7be62cbcc3b2, in QEventLoop::exec(QFlags<QEventLoop::ProcessEventsFlag>)
#18   Object "/nix/store/244my2zgxwabmj007911x6rj6g4095c5-qtbase-6.10.2/lib/libQt6Core.so.6", at 0x7be62cefc292, in QEventDispatcherGlib::processEvents(QFlags<QEventLoop::ProcessEventsFlag>)
#17   Object "/nix/store/bz34hjmhv4fvqxk6wkyxj1hc8mpwgy3w-glib-2.86.3/lib/libglib-2.0.so.0", at 0x7be6245cc74e, in g_main_context_iteration
#16   Object "/nix/store/bz34hjmhv4fvqxk6wkyxj1hc8mpwgy3w-glib-2.86.3/lib/libglib-2.0.so.0", at 0x7be6245cbeb7, in 
#15   Object "/nix/store/bz34hjmhv4fvqxk6wkyxj1hc8mpwgy3w-glib-2.86.3/lib/libglib-2.0.so.0", at 0x7be6245c8a2c, in 
#14   Object "/nix/store/244my2zgxwabmj007911x6rj6g4095c5-qtbase-6.10.2/lib/libQt6Core.so.6", at 0x7be62cefcbde, in 
#13   Object "/nix/store/244my2zgxwabmj007911x6rj6g4095c5-qtbase-6.10.2/lib/libQt6Core.so.6", at 0x7be62cbc1f6c, in QCoreApplicationPrivate::sendPostedEvents(QObject*, int, QThreadData*)
#12   Object "/nix/store/244my2zgxwabmj007911x6rj6g4095c5-qtbase-6.10.2/lib/libQt6Core.so.6", at 0x7be62cbbe207, in QCoreApplication::notifyInternal2(QObject*, QEvent*)
#11   Object "/nix/store/244my2zgxwabmj007911x6rj6g4095c5-qtbase-6.10.2/lib/libQt6Widgets.so.6", at 0x7be62dfa4c9c, in QApplicationPrivate::notify_helper(QObject*, QEvent*)
#10   Object "/nix/store/244my2zgxwabmj007911x6rj6g4095c5-qtbase-6.10.2/lib/libQt6Core.so.6", at 0x7be62cc1dd99, in QObject::event(QEvent*)
#9    Object "/nix/store/937mhjxd2i18jy2jb1zh6xcpjnbhvyy7-gz-gui10-10.0.0/lib/gz-gui-10/plugins/libMinimalScene.so", at 0x7be5d05cfd5c, in 
#8    Object "/nix/store/937mhjxd2i18jy2jb1zh6xcpjnbhvyy7-gz-gui10-10.0.0/lib/gz-gui-10/plugins/libMinimalScene.so", at 0x7be5d05cfc5c, in 
#7    Object "/nix/store/937mhjxd2i18jy2jb1zh6xcpjnbhvyy7-gz-gui10-10.0.0/lib/gz-gui-10/plugins/libMinimalScene.so", at 0x7be5d05de83c, in 
#6    Object "/nix/store/937mhjxd2i18jy2jb1zh6xcpjnbhvyy7-gz-gui10-10.0.0/lib/gz-gui-10/plugins/libMinimalScene.so", at 0x7be5d05d1230, in 
#5    Object "/nix/store/5b264n480jh0svfjw5jilva2nch1lvy1-gz-sim_10/lib/libgz-rendering.so.10", at 0x7be633fa23bb, in gz::rendering::v10::RenderEngineManager::Engine(std::__cxx11::basic_string<char, std::char_traits<char>, std::allocator<char> > const&, std::map<std::__cxx11::basic_string<char, std::char_traits<char>, std::allocator<char> >, std::__cxx11::basic_string<char, std::char_traits<char>, std::allocator<char> >, std::less<std::__cxx11::basic_string<char, std::char_traits<char>, std::allocator<char> > >, std::allocator<std::pair<std::__cxx11::basic_string<char, std::char_traits<char>, std::allocator<char> > const, std::__cxx11::basic_string<char, std::char_traits<char>, std::allocator<char> > > > > const&, std::__cxx11::basic_string<char, std::char_traits<char>, std::allocator<char> > const&)
#4    Object "/nix/store/5b264n480jh0svfjw5jilva2nch1lvy1-gz-sim_10/lib/libgz-rendering.so.10", at 0x7be633fa20ab, in 
#3    Object "/nix/store/5b264n480jh0svfjw5jilva2nch1lvy1-gz-sim_10/lib/libgz-rendering.so.10", at 0x7be633fad656, in gz::rendering::v10::BaseRenderEngine::Load(std::map<std::__cxx11::basic_string<char, std::char_traits<char>, std::allocator<char> >, std::__cxx11::basic_string<char, std::char_traits<char>, std::allocator<char> >, std::less<std::__cxx11::basic_string<char, std::char_traits<char>, std::allocator<char> > >, std::allocator<std::pair<std::__cxx11::basic_string<char, std::char_traits<char>, std::allocator<char> > const, std::__cxx11::basic_string<char, std::char_traits<char>, std::allocator<char> > > > > const&)
#2    Object "/nix/store/k90vxmach6fwq0ihb62p1vdp44v5x59w-gz-rendering10-10.0.1/lib/libgz-rendering-ogre2.so", at 0x7be579c663c4, in gz::rendering::v10::Ogre2RenderEngine::LoadImpl(std::map<std::__cxx11::basic_string<char, std::char_traits<char>, std::allocator<char> >, std::__cxx11::basic_string<char, std::char_traits<char>, std::allocator<char> >, std::less<std::__cxx11::basic_string<char, std::char_traits<char>, std::allocator<char> > >, std::allocator<std::pair<std::__cxx11::basic_string<char, std::char_traits<char>, std::allocator<char> > const, std::__cxx11::basic_string<char, std::char_traits<char>, std::allocator<char> > > > > const&)
#1    Object "/nix/store/k90vxmach6fwq0ihb62p1vdp44v5x59w-gz-rendering10-10.0.1/lib/libgz-rendering-ogre2.so", at 0x7be579c65de0, in gz::rendering::v10::Ogre2RenderEngine::LoadAttempt()
#0    Object "/nix/store/k90vxmach6fwq0ihb62p1vdp44v5x59w-gz-rendering10-10.0.1/lib/libgz-rendering-ogre2.so", at 0x7be579c60801, in gz::rendering::v10::Ogre2RenderEngine::CreateRenderSystem()
Segmentation fault (Address not mapped to object [(nil)])
