QSocketNotifier: Can only be used with threads started with QThread
(2026-05-20 18:40:53.361) [error] [Ogre2RenderEngine.cc:752] Unable to load Ogre Plugin[/nix/store/lvvajnk8dzpq9ilvhmhq1rljxq0q32d1-ogre-next-2.3.3/lib/OGRE-Next/RenderSystem_GL3Plus]. Rendering will not be possible.Make sure you have installed OGRE properly.
(2026-05-20 18:40:53.372) [error] [Ogre2RenderEngine.cc:803] unable to find OpenGL 3+ Rendering Subsystem. OGRE is probably installed incorrectly. Double check the OGRE cmake output, and make sure OpenGL is enabled.
Stack trace (most recent call last) in thread 174819:
#12   Object "[0xffffffffffffffff]", at 0xffffffffffffffff, in 
#11   Object "/nix/store/cg9s562sa33k78m63njfn1rw47dp9z0i-glibc-2.40-66/lib/libc.so.6", at 0x72de5cf1bdbb, in 
#10   Object "/nix/store/cg9s562sa33k78m63njfn1rw47dp9z0i-glibc-2.40-66/lib/libc.so.6", at 0x72de5ce97e62, in 
#9    Object "/nix/store/7c0v0kbrrdc2cqgisi78jdqxn73n3401-gcc-14.2.1.20250322-lib/lib/libstdc++.so.6", at 0x72de416ed063, in 
#8    Object "/nix/store/4xm7983kcb2l4sklw3m5a2077svz0pcb-gz-sim9-9.1.0/lib/gz-sim-9/plugins/libgz-sim-sensors-system.so", at 0x72ddf8527a6c, in 
#7    Object "/nix/store/4xm7983kcb2l4sklw3m5a2077svz0pcb-gz-sim9-9.1.0/lib/gz-sim-9/plugins/libgz-sim-sensors-system.so", at 0x72ddf8525e4b, in 
#6    Object "/nix/store/0br7mc9sy7hnz35hycxqpfi16h2vda9r-gz-sim_9/lib/libgz-sim9-rendering.so.9", at 0x72ddf845ff35, in gz::sim::v9::RenderUtil::Init()
#5    Object "/nix/store/0br7mc9sy7hnz35hycxqpfi16h2vda9r-gz-sim_9/lib/libgz-rendering9.so.9", at 0x72de40cd0369, in gz::rendering::v9::RenderEngineManager::Engine(std::__cxx11::basic_string<char, std::char_traits<char>, std::allocator<char> > const&, std::map<std::__cxx11::basic_string<char, std::char_traits<char>, std::allocator<char> >, std::__cxx11::basic_string<char, std::char_traits<char>, std::allocator<char> >, std::less<std::__cxx11::basic_string<char, std::char_traits<char>, std::allocator<char> > >, std::allocator<std::pair<std::__cxx11::basic_string<char, std::char_traits<char>, std::allocator<char> > const, std::__cxx11::basic_string<char, std::char_traits<char>, std::allocator<char> > > > > const&, std::__cxx11::basic_string<char, std::char_traits<char>, std::allocator<char> > const&)
#4    Object "/nix/store/0br7mc9sy7hnz35hycxqpfi16h2vda9r-gz-sim_9/lib/libgz-rendering9.so.9", at 0x72de40cd006b, in 
#3    Object "/nix/store/0br7mc9sy7hnz35hycxqpfi16h2vda9r-gz-sim_9/lib/libgz-rendering9.so.9", at 0x72de40cdafa4, in gz::rendering::v9::BaseRenderEngine::Load(std::map<std::__cxx11::basic_string<char, std::char_traits<char>, std::allocator<char> >, std::__cxx11::basic_string<char, std::char_traits<char>, std::allocator<char> >, std::less<std::__cxx11::basic_string<char, std::char_traits<char>, std::allocator<char> > >, std::allocator<std::pair<std::__cxx11::basic_string<char, std::char_traits<char>, std::allocator<char> > const, std::__cxx11::basic_string<char, std::char_traits<char>, std::allocator<char> > > > > const&)
#2    Object "/nix/store/ni3rb4wyyva0g98rlzw09zwdcz5l4dff-gz-rendering9-9.1.0/lib/gz-rendering-9/engine-plugins/libgz-rendering-ogre2.so", at 0x72ddf0661cc3, in gz::rendering::v9::Ogre2RenderEngine::LoadImpl(std::map<std::__cxx11::basic_string<char, std::char_traits<char>, std::allocator<char> >, std::__cxx11::basic_string<char, std::char_traits<char>, std::allocator<char> >, std::less<std::__cxx11::basic_string<char, std::char_traits<char>, std::allocator<char> > >, std::allocator<std::pair<std::__cxx11::basic_string<char, std::char_traits<char>, std::allocator<char> > const, std::__cxx11::basic_string<char, std::char_traits<char>, std::allocator<char> > > > > const&)
#1    Object "/nix/store/ni3rb4wyyva0g98rlzw09zwdcz5l4dff-gz-rendering9-9.1.0/lib/gz-rendering-9/engine-plugins/libgz-rendering-ogre2.so", at 0x72ddf066170b, in gz::rendering::v9::Ogre2RenderEngine::LoadAttempt()
#0    Object "/nix/store/ni3rb4wyyva0g98rlzw09zwdcz5l4dff-gz-rendering9-9.1.0/lib/gz-rendering-9/engine-plugins/libgz-rendering-ogre2.so", at 0x72ddf065c467, in gz::rendering::v9::Ogre2RenderEngine::CreateRenderSystem()
Segmentation fault (Address not mapped to object [(nil)])
Stack trace (most recent call last):
#31   Object "/nix/store/9jslgkvdkn42hlc52mr25f37jsa5rxga-ruby-3.3.8/lib/libruby-3.3.8.so.3.3", at 0x72de5d52fce1, in rb_yield
#30   Object "/nix/store/9jslgkvdkn42hlc52mr25f37jsa5rxga-ruby-3.3.8/lib/libruby-3.3.8.so.3.3", at 0x72de5d52a748, in 
#29   Object "/nix/store/9jslgkvdkn42hlc52mr25f37jsa5rxga-ruby-3.3.8/lib/libruby-3.3.8.so.3.3", at 0x72de5d5266cf, in 
#28   Object "/nix/store/9jslgkvdkn42hlc52mr25f37jsa5rxga-ruby-3.3.8/lib/libruby-3.3.8.so.3.3", at 0x72de5d518a61, in 
#27   Object "/nix/store/9jslgkvdkn42hlc52mr25f37jsa5rxga-ruby-3.3.8/lib/libruby-3.3.8.so.3.3", at 0x72de5d512ce2, in 
#26   Object "/nix/store/9jslgkvdkn42hlc52mr25f37jsa5rxga-ruby-3.3.8/lib/ruby/3.3.0/x86_64-linux/fiddle.so", at 0x72de5d02786b, in 
#25   Object "/nix/store/9jslgkvdkn42hlc52mr25f37jsa5rxga-ruby-3.3.8/lib/libruby-3.3.8.so.3.3", at 0x72de5d4d394a, in rb_nogvl
#24   Object "/nix/store/9jslgkvdkn42hlc52mr25f37jsa5rxga-ruby-3.3.8/lib/ruby/3.3.0/x86_64-linux/fiddle.so", at 0x72de5d026ff7, in 
#23   Object "/nix/store/90c412b9wqhfny300rg5s2gpsbrqb31q-libffi-3.4.8/lib/libffi.so.8", at 0x72de5ccf856d, in ffi_call
#22   Object "/nix/store/90c412b9wqhfny300rg5s2gpsbrqb31q-libffi-3.4.8/lib/libffi.so.8", at 0x72de5ccf75cc, in 
#21   Object "/nix/store/90c412b9wqhfny300rg5s2gpsbrqb31q-libffi-3.4.8/lib/libffi.so.8", at 0x72de5ccf9051, in 
#20   Object "/nix/store/4xm7983kcb2l4sklw3m5a2077svz0pcb-gz-sim9-9.1.0/lib/libgz-sim9-gz.so.9.1.0", at 0x72de4192868f, in runGui
#19   Object "/nix/store/0br7mc9sy7hnz35hycxqpfi16h2vda9r-gz-sim_9/lib/libgz-sim9-gui.so.9", at 0x72de40a3adfb, in gz::sim::v9::gui::runGui(int&, char**, char const*, char const*, int, char const*, char const*)
#18   Object "/nix/store/x39ids55l0q41haifyqgjkcalnah21b3-qtbase-5.15.16/lib/libQt5Core.so.5", at 0x72de3af00ee1, in QCoreApplication::exec()
#17   Object "/nix/store/x39ids55l0q41haifyqgjkcalnah21b3-qtbase-5.15.16/lib/libQt5Core.so.5", at 0x72de3aef7ff1, in QEventLoop::exec(QFlags<QEventLoop::ProcessEventsFlag>)
#16   Object "/nix/store/x39ids55l0q41haifyqgjkcalnah21b3-qtbase-5.15.16/lib/libQt5Core.so.5", at 0x72de3af57468, in QEventDispatcherGlib::processEvents(QFlags<QEventLoop::ProcessEventsFlag>)
#15   Object "/nix/store/bkpj51fz88rbyjd60i6lrp0xdax1b24g-glib-2.84.1/lib/libglib-2.0.so.0", at 0x72de31b042bb, in g_main_context_iteration
#14   Object "/nix/store/bkpj51fz88rbyjd60i6lrp0xdax1b24g-glib-2.84.1/lib/libglib-2.0.so.0", at 0x72de31b03a8f, in 
#13   Object "/nix/store/bkpj51fz88rbyjd60i6lrp0xdax1b24g-glib-2.84.1/lib/libglib-2.0.so.0", at 0x72de31b0181d, in 
#12   Object "/nix/store/d3ax532x18rjvvl2r79vnnza8q7n1x64-qtwayland-5.15.16/lib/libQt5WaylandClient.so.5", at 0x72de0076326f, in 
#11   Object "/nix/store/x39ids55l0q41haifyqgjkcalnah21b3-qtbase-5.15.16/lib/libQt5Gui.so.5", at 0x72de3b304573, in QWindowSystemInterface::sendWindowSystemEvents(QFlags<QEventLoop::ProcessEventsFlag>)
#10   Object "/nix/store/x39ids55l0q41haifyqgjkcalnah21b3-qtbase-5.15.16/lib/libQt5Gui.so.5", at 0x72de3b3359dc, in QGuiApplicationPrivate::processExposeEvent(QWindowSystemInterfacePrivate::ExposeEvent*)
#9    Object "/nix/store/x39ids55l0q41haifyqgjkcalnah21b3-qtbase-5.15.16/lib/libQt5Core.so.5", at 0x72de3aef97d7, in QCoreApplication::notifyInternal2(QObject*, QEvent*)
#8    Object "/nix/store/x39ids55l0q41haifyqgjkcalnah21b3-qtbase-5.15.16/lib/libQt5Widgets.so.5", at 0x72de3bb714cd, in QApplicationPrivate::notify_helper(QObject*, QEvent*)
#7    Object "/nix/store/x39ids55l0q41haifyqgjkcalnah21b3-qtbase-5.15.16/lib/libQt5Gui.so.5", at 0x72de3b340ab4, in QWindow::event(QEvent*)
#6    Object "/nix/store/px91vhkz00diphs2z3b7hqs6fkbrn3pm-qtdeclarative-5.15.16/lib/libQt5Quick.so.5", at 0x72de3d238fb7, in 
#5    Object "/nix/store/px91vhkz00diphs2z3b7hqs6fkbrn3pm-qtdeclarative-5.15.16/lib/libQt5Quick.so.5", at 0x72de3d237fd3, in 
#4    Object "/nix/store/px91vhkz00diphs2z3b7hqs6fkbrn3pm-qtdeclarative-5.15.16/lib/libQt5Quick.so.5", at 0x72de3d28439c, in QQuickWindowPrivate::syncSceneGraph()
#3    Object "/nix/store/px91vhkz00diphs2z3b7hqs6fkbrn3pm-qtdeclarative-5.15.16/lib/libQt5Quick.so.5", at 0x72de3d28282a, in QQuickWindowPrivate::updateDirtyNodes()
#2    Object "/nix/store/px91vhkz00diphs2z3b7hqs6fkbrn3pm-qtdeclarative-5.15.16/lib/libQt5Quick.so.5", at 0x72de3d28221f, in QQuickWindowPrivate::updateDirtyNode(QQuickItem*)
#1    Object "/nix/store/9m9rhk6c3m7b1fp3p67dj9jgzp1n6937-gz-gui9-9.0.1/lib/gz-gui-9/plugins/libMinimalScene.so", at 0x72ddf05dbfa9, in 
#0    Object "/nix/store/x39ids55l0q41haifyqgjkcalnah21b3-qtbase-5.15.16/lib/libQt5Gui.so.5", at 0x72de3b380b59, in QOpenGLContext::doneCurrent()
Segmentation fault (Address not mapped to object [0x8])
