qt.qpa.xcb: could not connect to display :99
qt.qpa.plugin: Could not load the Qt platform plugin "xcb" in "" even though it was found.
This application failed to start because no Qt platform plugin could be initialized. Reinstalling the application may fix this problem.

Available platform plugins are: wayland-egl, wayland, wayland-xcomposite-egl, wayland-xcomposite-glx, eglfs, linuxfb, minimal, minimalegl, offscreen, vnc, xcb.

Stack trace (most recent call last):
#31   Object "/nix/store/9jslgkvdkn42hlc52mr25f37jsa5rxga-ruby-3.3.8/lib/libruby-3.3.8.so.3.3", at 0x7a62f5f2c7f2, in ruby_run_node
#30   Object "/nix/store/9jslgkvdkn42hlc52mr25f37jsa5rxga-ruby-3.3.8/lib/libruby-3.3.8.so.3.3", at 0x7a62f5f260b8, in 
#29   Object "/nix/store/9jslgkvdkn42hlc52mr25f37jsa5rxga-ruby-3.3.8/lib/libruby-3.3.8.so.3.3", at 0x7a62f612a845, in 
#28   Object "/nix/store/9jslgkvdkn42hlc52mr25f37jsa5rxga-ruby-3.3.8/lib/libruby-3.3.8.so.3.3", at 0x7a62f61266cf, in 
#27   Object "/nix/store/9jslgkvdkn42hlc52mr25f37jsa5rxga-ruby-3.3.8/lib/libruby-3.3.8.so.3.3", at 0x7a62f6118a61, in 
#26   Object "/nix/store/9jslgkvdkn42hlc52mr25f37jsa5rxga-ruby-3.3.8/lib/libruby-3.3.8.so.3.3", at 0x7a62f6111b2a, in 
#25   Object "/nix/store/9jslgkvdkn42hlc52mr25f37jsa5rxga-ruby-3.3.8/lib/libruby-3.3.8.so.3.3", at 0x7a62f602213a, in 
#24   Object "/nix/store/9jslgkvdkn42hlc52mr25f37jsa5rxga-ruby-3.3.8/lib/libruby-3.3.8.so.3.3", at 0x7a62f5f2a956, in rb_protect
#23   Object "/nix/store/9jslgkvdkn42hlc52mr25f37jsa5rxga-ruby-3.3.8/lib/libruby-3.3.8.so.3.3", at 0x7a62f612fce1, in rb_yield
#22   Object "/nix/store/9jslgkvdkn42hlc52mr25f37jsa5rxga-ruby-3.3.8/lib/libruby-3.3.8.so.3.3", at 0x7a62f612a748, in 
#21   Object "/nix/store/9jslgkvdkn42hlc52mr25f37jsa5rxga-ruby-3.3.8/lib/libruby-3.3.8.so.3.3", at 0x7a62f61266cf, in 
#20   Object "/nix/store/9jslgkvdkn42hlc52mr25f37jsa5rxga-ruby-3.3.8/lib/libruby-3.3.8.so.3.3", at 0x7a62f6118a61, in 
#19   Object "/nix/store/9jslgkvdkn42hlc52mr25f37jsa5rxga-ruby-3.3.8/lib/libruby-3.3.8.so.3.3", at 0x7a62f6112ce2, in 
#18   Object "/nix/store/9jslgkvdkn42hlc52mr25f37jsa5rxga-ruby-3.3.8/lib/ruby/3.3.0/x86_64-linux/fiddle.so", at 0x7a62f58f686b, in 
#17   Object "/nix/store/9jslgkvdkn42hlc52mr25f37jsa5rxga-ruby-3.3.8/lib/libruby-3.3.8.so.3.3", at 0x7a62f60d394a, in rb_nogvl
#16   Object "/nix/store/9jslgkvdkn42hlc52mr25f37jsa5rxga-ruby-3.3.8/lib/ruby/3.3.0/x86_64-linux/fiddle.so", at 0x7a62f58f5ff7, in 
#15   Object "/nix/store/90c412b9wqhfny300rg5s2gpsbrqb31q-libffi-3.4.8/lib/libffi.so.8", at 0x7a62da3b856d, in ffi_call
#14   Object "/nix/store/90c412b9wqhfny300rg5s2gpsbrqb31q-libffi-3.4.8/lib/libffi.so.8", at 0x7a62da3b75cc, in 
#13   Object "/nix/store/90c412b9wqhfny300rg5s2gpsbrqb31q-libffi-3.4.8/lib/libffi.so.8", at 0x7a62da3b9051, in 
#12   Object "/nix/store/4xm7983kcb2l4sklw3m5a2077svz0pcb-gz-sim9-9.1.0/lib/libgz-sim9-gz.so.9.1.0", at 0x7a62da35468f, in runGui
#11   Object "/nix/store/0br7mc9sy7hnz35hycxqpfi16h2vda9r-gz-sim_9/lib/libgz-sim9-gui.so.9", at 0x7a62d943ade6, in gz::sim::v9::gui::runGui(int&, char**, char const*, char const*, int, char const*, char const*)
#10   Object "/nix/store/0br7mc9sy7hnz35hycxqpfi16h2vda9r-gz-sim_9/lib/libgz-sim9-gui.so.9", at 0x7a62d94379a7, in gz::sim::v9::gui::createGui(int&, char**, char const*, char const*, bool, char const*, int, char const*, char const*)
#9    Object "/nix/store/0br7mc9sy7hnz35hycxqpfi16h2vda9r-gz-sim_9/lib/libgz-gui9.so.9", at 0x7a62d8b6e475, in gz::gui::Application::Application(int&, char**, gz::gui::WindowType, char const*)
#8    Object "/nix/store/x39ids55l0q41haifyqgjkcalnah21b3-qtbase-5.15.16/lib/libQt5Widgets.so.5", at 0x7a62d4576768, in QApplicationPrivate::init()
#7    Object "/nix/store/x39ids55l0q41haifyqgjkcalnah21b3-qtbase-5.15.16/lib/libQt5Gui.so.5", at 0x7a62d3d2e709, in QGuiApplicationPrivate::init()
#6    Object "/nix/store/x39ids55l0q41haifyqgjkcalnah21b3-qtbase-5.15.16/lib/libQt5Core.so.5", at 0x7a62d3900b24, in QCoreApplicationPrivate::init()
#5    Object "/nix/store/x39ids55l0q41haifyqgjkcalnah21b3-qtbase-5.15.16/lib/libQt5Gui.so.5", at 0x7a62d3d2b697, in QGuiApplicationPrivate::createEventDispatcher()
#4    Object "/nix/store/x39ids55l0q41haifyqgjkcalnah21b3-qtbase-5.15.16/lib/libQt5Gui.so.5", at 0x7a62d3d2b0ef, in QGuiApplicationPrivate::createPlatformIntegration()
#3    Object "/nix/store/x39ids55l0q41haifyqgjkcalnah21b3-qtbase-5.15.16/lib/libQt5Core.so.5", at 0x7a62d369a2ea, in QMessageLogger::fatal(char const*, ...) const
#2    Object "/nix/store/cg9s562sa33k78m63njfn1rw47dp9z0i-glibc-2.40-66/lib/libc.so.6", at 0x7a62f5a28939, in abort
#1    Object "/nix/store/cg9s562sa33k78m63njfn1rw47dp9z0i-glibc-2.40-66/lib/libc.so.6", at 0x7a62f5a413c5, in gsignal
#0    Object "/nix/store/cg9s562sa33k78m63njfn1rw47dp9z0i-glibc-2.40-66/lib/libc.so.6", at 0x7a62f5a99cdc, in 
Aborted (Signal sent by tkill() 175327 1000)
