QSocketNotifier: Can only be used with threads started with QThread
Stack trace (most recent call last):
#31   Object "/nix/store/9jslgkvdkn42hlc52mr25f37jsa5rxga-ruby-3.3.8/lib/libruby-3.3.8.so.3.3", at 0x722f21b2fce1, in rb_yield
#30   Object "/nix/store/9jslgkvdkn42hlc52mr25f37jsa5rxga-ruby-3.3.8/lib/libruby-3.3.8.so.3.3", at 0x722f21b2a748, in 
#29   Object "/nix/store/9jslgkvdkn42hlc52mr25f37jsa5rxga-ruby-3.3.8/lib/libruby-3.3.8.so.3.3", at 0x722f21b266cf, in 
#28   Object "/nix/store/9jslgkvdkn42hlc52mr25f37jsa5rxga-ruby-3.3.8/lib/libruby-3.3.8.so.3.3", at 0x722f21b18a61, in 
#27   Object "/nix/store/9jslgkvdkn42hlc52mr25f37jsa5rxga-ruby-3.3.8/lib/libruby-3.3.8.so.3.3", at 0x722f21b12ce2, in 
#26   Object "/nix/store/9jslgkvdkn42hlc52mr25f37jsa5rxga-ruby-3.3.8/lib/ruby/3.3.0/x86_64-linux/fiddle.so", at 0x722f05f1786b, in 
#25   Object "/nix/store/9jslgkvdkn42hlc52mr25f37jsa5rxga-ruby-3.3.8/lib/libruby-3.3.8.so.3.3", at 0x722f21ad394a, in rb_nogvl
#24   Object "/nix/store/9jslgkvdkn42hlc52mr25f37jsa5rxga-ruby-3.3.8/lib/ruby/3.3.0/x86_64-linux/fiddle.so", at 0x722f05f16ff7, in 
#23   Object "/nix/store/90c412b9wqhfny300rg5s2gpsbrqb31q-libffi-3.4.8/lib/libffi.so.8", at 0x722f05e1856d, in ffi_call
#22   Object "/nix/store/90c412b9wqhfny300rg5s2gpsbrqb31q-libffi-3.4.8/lib/libffi.so.8", at 0x722f05e175cc, in 
#21   Object "/nix/store/90c412b9wqhfny300rg5s2gpsbrqb31q-libffi-3.4.8/lib/libffi.so.8", at 0x722f05e19051, in 
#20   Object "/nix/store/4xm7983kcb2l4sklw3m5a2077svz0pcb-gz-sim9-9.1.0/lib/libgz-sim9-gz.so.9.1.0", at 0x722f05db468f, in runGui
#19   Object "/nix/store/0br7mc9sy7hnz35hycxqpfi16h2vda9r-gz-sim_9/lib/libgz-sim9-gui.so.9", at 0x722f04e3adfb, in gz::sim::v9::gui::runGui(int&, char**, char const*, char const*, int, char const*, char const*)
#18   Object "/nix/store/x39ids55l0q41haifyqgjkcalnah21b3-qtbase-5.15.16/lib/libQt5Core.so.5", at 0x722eff300ee1, in QCoreApplication::exec()
#17   Object "/nix/store/x39ids55l0q41haifyqgjkcalnah21b3-qtbase-5.15.16/lib/libQt5Core.so.5", at 0x722eff2f7ff1, in QEventLoop::exec(QFlags<QEventLoop::ProcessEventsFlag>)
#16   Object "/nix/store/x39ids55l0q41haifyqgjkcalnah21b3-qtbase-5.15.16/lib/libQt5Core.so.5", at 0x722eff357468, in QEventDispatcherGlib::processEvents(QFlags<QEventLoop::ProcessEventsFlag>)
#15   Object "/nix/store/bkpj51fz88rbyjd60i6lrp0xdax1b24g-glib-2.84.1/lib/libglib-2.0.so.0", at 0x722ef63042bb, in g_main_context_iteration
#14   Object "/nix/store/bkpj51fz88rbyjd60i6lrp0xdax1b24g-glib-2.84.1/lib/libglib-2.0.so.0", at 0x722ef6303a8f, in 
#13   Object "/nix/store/bkpj51fz88rbyjd60i6lrp0xdax1b24g-glib-2.84.1/lib/libglib-2.0.so.0", at 0x722ef630181d, in 
#12   Object "/nix/store/d3ax532x18rjvvl2r79vnnza8q7n1x64-qtwayland-5.15.16/lib/libQt5WaylandClient.so.5", at 0x722ee5fe726f, in 
#11   Object "/nix/store/x39ids55l0q41haifyqgjkcalnah21b3-qtbase-5.15.16/lib/libQt5Gui.so.5", at 0x722eff704573, in QWindowSystemInterface::sendWindowSystemEvents(QFlags<QEventLoop::ProcessEventsFlag>)
#10   Object "/nix/store/x39ids55l0q41haifyqgjkcalnah21b3-qtbase-5.15.16/lib/libQt5Gui.so.5", at 0x722eff7359dc, in QGuiApplicationPrivate::processExposeEvent(QWindowSystemInterfacePrivate::ExposeEvent*)
#9    Object "/nix/store/x39ids55l0q41haifyqgjkcalnah21b3-qtbase-5.15.16/lib/libQt5Core.so.5", at 0x722eff2f97d7, in QCoreApplication::notifyInternal2(QObject*, QEvent*)
#8    Object "/nix/store/x39ids55l0q41haifyqgjkcalnah21b3-qtbase-5.15.16/lib/libQt5Widgets.so.5", at 0x722efff714cd, in QApplicationPrivate::notify_helper(QObject*, QEvent*)
#7    Object "/nix/store/x39ids55l0q41haifyqgjkcalnah21b3-qtbase-5.15.16/lib/libQt5Gui.so.5", at 0x722eff740ab4, in QWindow::event(QEvent*)
#6    Object "/nix/store/px91vhkz00diphs2z3b7hqs6fkbrn3pm-qtdeclarative-5.15.16/lib/libQt5Quick.so.5", at 0x722f01638fb7, in 
#5    Object "/nix/store/px91vhkz00diphs2z3b7hqs6fkbrn3pm-qtdeclarative-5.15.16/lib/libQt5Quick.so.5", at 0x722f01637fd3, in 
#4    Object "/nix/store/px91vhkz00diphs2z3b7hqs6fkbrn3pm-qtdeclarative-5.15.16/lib/libQt5Quick.so.5", at 0x722f0168439c, in QQuickWindowPrivate::syncSceneGraph()
#3    Object "/nix/store/px91vhkz00diphs2z3b7hqs6fkbrn3pm-qtdeclarative-5.15.16/lib/libQt5Quick.so.5", at 0x722f0168282a, in QQuickWindowPrivate::updateDirtyNodes()
#2    Object "/nix/store/px91vhkz00diphs2z3b7hqs6fkbrn3pm-qtdeclarative-5.15.16/lib/libQt5Quick.so.5", at 0x722f0168221f, in QQuickWindowPrivate::updateDirtyNode(QQuickItem*)
#1    Object "/nix/store/9m9rhk6c3m7b1fp3p67dj9jgzp1n6937-gz-gui9-9.0.1/lib/gz-gui-9/plugins/libMinimalScene.so", at 0x722eb6a5bfa9, in 
#0    Object "/nix/store/x39ids55l0q41haifyqgjkcalnah21b3-qtbase-5.15.16/lib/libQt5Gui.so.5", at 0x722eff780b59, in QOpenGLContext::doneCurrent()
Segmentation fault (Address not mapped to object [0x8])
